---
source: starsight-layer-5/tests/snapshot.rs
expression: svg
---
<svg height="400" viewBox="0 0 500 400" width="500" xmlns="http://www.w3.org/2000/svg">
<rect fill="#ffffff" height="323" shape-rendering="crispEdges" width="444.2" x="31.400002" y="48"/>
<text fill="#111111" font-family="sans-serif" font-size="16" x="176.7" y="32">
Cyan/orange OHLC
</text>
<path d="M51.59091,371 L51.59091,48" fill="none" shape-rendering="crispEdges" stroke="#dddddd" stroke-width="1"/>
<path d="M152.54546,371 L152.54546,48" fill="none" shape-rendering="crispEdges" stroke="#dddddd" stroke-width="1"/>
<path d="M253.5,371 L253.5,48" fill="none" shape-rendering="crispEdges" stroke="#dddddd" stroke-width="1"/>
<path d="M354.45456,371 L354.45456,48" fill="none" shape-rendering="crispEdges" stroke="#dddddd" stroke-width="1"/>
<path d="M455.40912,371 L455.40912,48" fill="none" shape-rendering="crispEdges" stroke="#dddddd" stroke-width="1"/>
<path d="M31.400002,356.31818 L475.6,356.31818" fill="none" shape-rendering="crispEdges" stroke="#dddddd" stroke-width="1"/>
<path d="M31.400002,282.9091 L475.6,282.9091" fill="none" shape-rendering="crispEdges" stroke="#dddddd" stroke-width="1"/>
<path d="M31.400002,209.5 L475.6,209.5" fill="none" shape-rendering="crispEdges" stroke="#dddddd" stroke-width="1"/>
<path d="M31.400002,136.09091 L475.6,136.09091" fill="none" shape-rendering="crispEdges" stroke="#dddddd" stroke-width="1"/>
<path d="M31.400002,62.68182 L475.6,62.68182" fill="none" shape-rendering="crispEdges" stroke="#dddddd" stroke-width="1"/>
<rect fill="#00bcd4" height="73.40909" shape-rendering="crispEdges" width="70.66819" x="66.73409" y="233.9697"/>
<path d="M102.068184,233.9697 L102.068184,185.0303" fill="none" shape-rendering="crispEdges" stroke="#00bcd4" stroke-width="1"/>
<path d="M102.068184,307.37878 L102.068184,356.31818" fill="none" shape-rendering="crispEdges" stroke="#00bcd4" stroke-width="1"/>
<rect fill="#ff5722" height="48.939392" shape-rendering="crispEdges" width="70.66818" x="167.68864" y="233.9697"/>
<path d="M203.02274,233.9697 L203.02274,160.56061" fill="none" shape-rendering="crispEdges" stroke="#ff5722" stroke-width="1"/>
<path d="M203.02274,282.9091 L203.02274,307.37878" fill="none" shape-rendering="crispEdges" stroke="#ff5722" stroke-width="1"/>
<rect fill="#00bcd4" height="122.34848" shape-rendering="crispEdges" width="70.66815" x="268.6432" y="160.56061"/>
<path d="M303.97726,160.56061 L303.97726,136.0909" fill="none" shape-rendering="crispEdges" stroke="#00bcd4" stroke-width="1"/>
<path d="M303.97726,282.9091 L303.97726,307.37878" fill="none" shape-rendering="crispEdges" stroke="#00bcd4" stroke-width="1"/>
<rect fill="#00bcd4" height="48.939392" shape-rendering="crispEdges" width="70.66821" x="369.59772" y="111.621216"/>
<path d="M404.93182,111.621216 L404.93182,62.681824" fill="none" shape-rendering="crispEdges" stroke="#00bcd4" stroke-width="1"/>
<path d="M404.93182,160.56061 L404.93182,185.0303" fill="none" shape-rendering="crispEdges" stroke="#00bcd4" stroke-width="1"/>
<path d="M51.59091,371 L51.59091,376" fill="none" shape-rendering="crispEdges" stroke="#444444" stroke-width="1"/>
<text fill="#444444" font-family="sans-serif" font-size="12" x="37.19091" y="388">
-0.5
</text>
<path d="M152.54546,371 L152.54546,376" fill="none" shape-rendering="crispEdges" stroke="#444444" stroke-width="1"/>
<text fill="#444444" font-family="sans-serif" font-size="12" x="141.74545" y="388">
0.5
</text>
<path d="M253.5,371 L253.5,376" fill="none" shape-rendering="crispEdges" stroke="#444444" stroke-width="1"/>
<text fill="#444444" font-family="sans-serif" font-size="12" x="242.7" y="388">
1.5
</text>
<path d="M354.45456,371 L354.45456,376" fill="none" shape-rendering="crispEdges" stroke="#444444" stroke-width="1"/>
<text fill="#444444" font-family="sans-serif" font-size="12" x="343.65457" y="388">
2.5
</text>
<path d="M455.40912,371 L455.40912,376" fill="none" shape-rendering="crispEdges" stroke="#444444" stroke-width="1"/>
<text fill="#444444" font-family="sans-serif" font-size="12" x="444.60913" y="388">
3.5
</text>
<path d="M31.400002,356.31818 L26.400002,356.31818" fill="none" shape-rendering="crispEdges" stroke="#444444" stroke-width="1"/>
<text fill="#444444" font-family="sans-serif" font-size="12" x="7" y="361.11816">
48
</text>
<path d="M31.400002,282.9091 L26.400002,282.9091" fill="none" shape-rendering="crispEdges" stroke="#444444" stroke-width="1"/>
<text fill="#444444" font-family="sans-serif" font-size="12" x="7" y="287.70908">
51
</text>
<path d="M31.400002,209.5 L26.400002,209.5" fill="none" shape-rendering="crispEdges" stroke="#444444" stroke-width="1"/>
<text fill="#444444" font-family="sans-serif" font-size="12" x="7" y="214.3">
54
</text>
<path d="M31.400002,136.09091 L26.400002,136.09091" fill="none" shape-rendering="crispEdges" stroke="#444444" stroke-width="1"/>
<text fill="#444444" font-family="sans-serif" font-size="12" x="7" y="140.89091">
57
</text>
<path d="M31.400002,62.68182 L26.400002,62.68182" fill="none" shape-rendering="crispEdges" stroke="#444444" stroke-width="1"/>
<text fill="#444444" font-family="sans-serif" font-size="12" x="7" y="67.48182">
60
</text>
<path d="M31.400002,371 L475.6,371" fill="none" shape-rendering="crispEdges" stroke="#000000" stroke-width="1"/>
<path d="M31.400002,48 L31.400002,371" fill="none" shape-rendering="crispEdges" stroke="#000000" stroke-width="1"/>
</svg>
