---
source: starsight-layer-5/tests/snapshot.rs
expression: svg
---
<svg height="800" viewBox="0 0 1200 800" width="1200" xmlns="http://www.w3.org/2000/svg">
<rect fill="#ffffff" height="707" shape-rendering="crispEdges" width="1124.6" x="54.6" y="48"/>
<text fill="#111111" font-family="sans-serif" font-size="16" x="501.69995" y="32">
Monthly Average Rainfall
</text>
<text fill="#333333" font-family="sans-serif" font-size="12" x="598.89996" y="790">
Month
</text>
<text fill="#333333" font-family="sans-serif" font-size="12" transform="rotate(-90 21.999998, 448.3)" x="21.999998" y="448.3">
Rainfall (mm)
</text>
<path d="M54.6,755 L54.6,48" fill="none" shape-rendering="crispEdges" stroke="#dddddd" stroke-width="1"/>
<path d="M148.31667,755 L148.31667,48" fill="none" shape-rendering="crispEdges" stroke="#dddddd" stroke-width="1"/>
<path d="M242.03333,755 L242.03333,48" fill="none" shape-rendering="crispEdges" stroke="#dddddd" stroke-width="1"/>
<path d="M335.75,755 L335.75,48" fill="none" shape-rendering="crispEdges" stroke="#dddddd" stroke-width="1"/>
<path d="M429.46664,755 L429.46664,48" fill="none" shape-rendering="crispEdges" stroke="#dddddd" stroke-width="1"/>
<path d="M523.18335,755 L523.18335,48" fill="none" shape-rendering="crispEdges" stroke="#dddddd" stroke-width="1"/>
<path d="M616.89996,755 L616.89996,48" fill="none" shape-rendering="crispEdges" stroke="#dddddd" stroke-width="1"/>
<path d="M710.61664,755 L710.61664,48" fill="none" shape-rendering="crispEdges" stroke="#dddddd" stroke-width="1"/>
<path d="M804.3333,755 L804.3333,48" fill="none" shape-rendering="crispEdges" stroke="#dddddd" stroke-width="1"/>
<path d="M898.05,755 L898.05,48" fill="none" shape-rendering="crispEdges" stroke="#dddddd" stroke-width="1"/>
<path d="M991.76666,755 L991.76666,48" fill="none" shape-rendering="crispEdges" stroke="#dddddd" stroke-width="1"/>
<path d="M1085.4833,755 L1085.4833,48" fill="none" shape-rendering="crispEdges" stroke="#dddddd" stroke-width="1"/>
<path d="M1179.2,755 L1179.2,48" fill="none" shape-rendering="crispEdges" stroke="#dddddd" stroke-width="1"/>
<path d="M54.6,722.86365 L1179.2,722.86365" fill="none" shape-rendering="crispEdges" stroke="#dddddd" stroke-width="1"/>
<path d="M54.6,562.1818 L1179.2,562.1818" fill="none" shape-rendering="crispEdges" stroke="#dddddd" stroke-width="1"/>
<path d="M54.6,401.5 L1179.2,401.5" fill="none" shape-rendering="crispEdges" stroke="#dddddd" stroke-width="1"/>
<path d="M54.6,240.81818 L1179.2,240.81818" fill="none" shape-rendering="crispEdges" stroke="#dddddd" stroke-width="1"/>
<path d="M54.6,80.13636 L1179.2,80.13636" fill="none" shape-rendering="crispEdges" stroke="#dddddd" stroke-width="1"/>
<rect fill="#0000ff" height="364.21213" shape-rendering="crispEdges" width="74.97333" x="63.97166" y="358.65152"/>
<rect fill="#0000ff" height="278.51517" shape-rendering="crispEdges" width="74.97333" x="157.68832" y="444.34848"/>
<rect fill="#0000ff" height="396.3485" shape-rendering="crispEdges" width="74.97333" x="251.405" y="326.51514"/>
<rect fill="#0000ff" height="455.26517" shape-rendering="crispEdges" width="74.97333" x="345.12167" y="267.59848"/>
<rect fill="#0000ff" height="492.75757" shape-rendering="crispEdges" width="74.97336" x="438.83835" y="230.10608"/>
<rect fill="#0000ff" height="417.77274" shape-rendering="crispEdges" width="74.97339" x="532.55493" y="305.0909"/>
<rect fill="#0000ff" height="348.14398" shape-rendering="crispEdges" width="74.97339" x="626.2716" y="374.71967"/>
<rect fill="#0000ff" height="374.92426" shape-rendering="crispEdges" width="74.97339" x="719.9883" y="347.9394"/>
<rect fill="#0000ff" height="471.3333" shape-rendering="crispEdges" width="74.97339" x="813.70496" y="251.53033"/>
<rect fill="#0000ff" height="508.82574" shape-rendering="crispEdges" width="74.97339" x="907.42163" y="214.0379"/>
<rect fill="#0000ff" height="546.3182" shape-rendering="crispEdges" width="74.97339" x="1001.1383" y="176.54547"/>
<rect fill="#0000ff" height="417.77274" shape-rendering="crispEdges" width="74.97339" x="1094.855" y="305.0909"/>
<text fill="#444444" font-family="sans-serif" font-size="12" x="90.658325" y="772">
Jan
</text>
<text fill="#444444" font-family="sans-serif" font-size="12" x="184.37498" y="772">
Feb
</text>
<text fill="#444444" font-family="sans-serif" font-size="12" x="278.09167" y="772">
Mar
</text>
<text fill="#444444" font-family="sans-serif" font-size="12" x="371.80835" y="772">
Apr
</text>
<text fill="#444444" font-family="sans-serif" font-size="12" x="465.52502" y="772">
May
</text>
<text fill="#444444" font-family="sans-serif" font-size="12" x="559.24164" y="772">
Jun
</text>
<text fill="#444444" font-family="sans-serif" font-size="12" x="652.9583" y="772">
Jul
</text>
<text fill="#444444" font-family="sans-serif" font-size="12" x="746.675" y="772">
Aug
</text>
<text fill="#444444" font-family="sans-serif" font-size="12" x="840.39166" y="772">
Sep
</text>
<text fill="#444444" font-family="sans-serif" font-size="12" x="934.10834" y="772">
Oct
</text>
<text fill="#444444" font-family="sans-serif" font-size="12" x="1027.825" y="772">
Nov
</text>
<text fill="#444444" font-family="sans-serif" font-size="12" x="1121.5416" y="772">
Dec
</text>
<path d="M54.6,722.86365 L59.6,722.86365" fill="none" shape-rendering="crispEdges" stroke="#444444" stroke-width="1"/>
<text fill="#444444" font-family="sans-serif" font-size="12" x="38" y="727.66364">
0
</text>
<path d="M54.6,562.1818 L59.6,562.1818" fill="none" shape-rendering="crispEdges" stroke="#444444" stroke-width="1"/>
<text fill="#444444" font-family="sans-serif" font-size="12" x="31" y="566.9818">
30
</text>
<path d="M54.6,401.5 L59.6,401.5" fill="none" shape-rendering="crispEdges" stroke="#444444" stroke-width="1"/>
<text fill="#444444" font-family="sans-serif" font-size="12" x="31" y="406.3">
60
</text>
<path d="M54.6,240.81818 L59.6,240.81818" fill="none" shape-rendering="crispEdges" stroke="#444444" stroke-width="1"/>
<text fill="#444444" font-family="sans-serif" font-size="12" x="31" y="245.61818">
90
</text>
<path d="M54.6,80.13636 L59.6,80.13636" fill="none" shape-rendering="crispEdges" stroke="#444444" stroke-width="1"/>
<text fill="#444444" font-family="sans-serif" font-size="12" x="24" y="84.93636">
120
</text>
<path d="M54.6,755 L1179.2,755" fill="none" shape-rendering="crispEdges" stroke="#000000" stroke-width="1"/>
<path d="M54.6,48 L54.6,755" fill="none" shape-rendering="crispEdges" stroke="#000000" stroke-width="1"/>
</svg>
