---
source: starsight-layer-5/tests/snapshot.rs
expression: svg
---
<svg height="400" viewBox="0 0 700 400" width="700" xmlns="http://www.w3.org/2000/svg">
<rect fill="#ffffff" height="315" width="639.80005" x="50.6" y="44"/>
<text fill="#222222" font-family="sans-serif" font-size="16" x="292.4" y="28">
Six-day OHLC
</text>
<text fill="#555555" font-family="sans-serif" font-size="12" x="345.3" y="394">
session
</text>
<text fill="#555555" font-family="sans-serif" font-size="12" transform="rotate(-90 17.999998, 219.5)" x="17.999998" y="219.5">
price
</text>
<path d="M50.6,359 L50.6,44" fill="none" stroke="#dddddd" stroke-width="1"/>
<path d="M178.56001,359 L178.56001,44" fill="none" stroke="#dddddd" stroke-width="1"/>
<path d="M306.52002,359 L306.52002,44" fill="none" stroke="#dddddd" stroke-width="1"/>
<path d="M434.48004,359 L434.48004,44" fill="none" stroke="#dddddd" stroke-width="1"/>
<path d="M562.44006,359 L562.44006,44" fill="none" stroke="#dddddd" stroke-width="1"/>
<path d="M690.4,359 L690.4,44" fill="none" stroke="#dddddd" stroke-width="1"/>
<path d="M50.6,359 L690.4,359" fill="none" stroke="#dddddd" stroke-width="1"/>
<path d="M50.6,254 L690.4,254" fill="none" stroke="#dddddd" stroke-width="1"/>
<path d="M50.6,149 L690.4,149" fill="none" stroke="#dddddd" stroke-width="1"/>
<path d="M50.6,44 L690.4,44" fill="none" stroke="#dddddd" stroke-width="1"/>
<rect fill="#26a69a" height="52.5" width="89.57201" x="5.8139954" y="201.5"/>
<path d="M50.6,201.5 L50.6,149" fill="none" stroke="#26a69a" stroke-width="1"/>
<path d="M50.6,254 L50.6,306.5" fill="none" stroke="#26a69a" stroke-width="1"/>
<rect fill="#26a69a" height="73.5" width="89.57199" x="133.77402" y="128"/>
<path d="M178.56001,128 L178.56001,96.5" fill="none" stroke="#26a69a" stroke-width="1"/>
<path d="M178.56001,201.5 L178.56001,254" fill="none" stroke="#26a69a" stroke-width="1"/>
<rect fill="#ef5350" height="84" width="89.57202" x="261.734" y="128"/>
<path d="M306.52002,128 L306.52002,65" fill="none" stroke="#ef5350" stroke-width="1"/>
<path d="M306.52002,212 L306.52002,233" fill="none" stroke="#ef5350" stroke-width="1"/>
<rect fill="#ef5350" height="73.5" width="89.57202" x="389.69403" y="212"/>
<path d="M434.48004,212 L434.48004,159.5" fill="none" stroke="#ef5350" stroke-width="1"/>
<path d="M434.48004,285.5 L434.48004,306.5" fill="none" stroke="#ef5350" stroke-width="1"/>
<rect fill="#26a69a" height="52.5" width="89.57202" x="517.65405" y="233"/>
<path d="M562.44006,233 L562.44006,201.5" fill="none" stroke="#26a69a" stroke-width="1"/>
<path d="M562.44006,285.5 L562.44006,338" fill="none" stroke="#26a69a" stroke-width="1"/>
<rect fill="#26a69a" height="94.5" width="89.57202" x="645.614" y="138.5"/>
<path d="M690.4,138.5 L690.4,117.5" fill="none" stroke="#26a69a" stroke-width="1"/>
<path d="M690.4,233 L690.4,254" fill="none" stroke="#26a69a" stroke-width="1"/>
<path d="M50.6,359 L50.6,364" fill="none" stroke="#666666" stroke-width="1"/>
<text fill="#666666" font-family="sans-serif" font-size="12" x="47" y="376">
0
</text>
<path d="M178.56001,359 L178.56001,364" fill="none" stroke="#666666" stroke-width="1"/>
<text fill="#666666" font-family="sans-serif" font-size="12" x="174.96" y="376">
1
</text>
<path d="M306.52002,359 L306.52002,364" fill="none" stroke="#666666" stroke-width="1"/>
<text fill="#666666" font-family="sans-serif" font-size="12" x="302.92" y="376">
2
</text>
<path d="M434.48004,359 L434.48004,364" fill="none" stroke="#666666" stroke-width="1"/>
<text fill="#666666" font-family="sans-serif" font-size="12" x="430.88004" y="376">
3
</text>
<path d="M562.44006,359 L562.44006,364" fill="none" stroke="#666666" stroke-width="1"/>
<text fill="#666666" font-family="sans-serif" font-size="12" x="558.8401" y="376">
4
</text>
<path d="M690.4,359 L690.4,364" fill="none" stroke="#666666" stroke-width="1"/>
<text fill="#666666" font-family="sans-serif" font-size="12" x="686.80005" y="376">
5
</text>
<path d="M50.6,359 L45.6,359" fill="none" stroke="#666666" stroke-width="1"/>
<text fill="#666666" font-family="sans-serif" font-size="12" x="27.199997" y="363.8">
90
</text>
<path d="M50.6,254 L45.6,254" fill="none" stroke="#666666" stroke-width="1"/>
<text fill="#666666" font-family="sans-serif" font-size="12" x="19.999998" y="258.8">
100
</text>
<path d="M50.6,149 L45.6,149" fill="none" stroke="#666666" stroke-width="1"/>
<text fill="#666666" font-family="sans-serif" font-size="12" x="19.999998" y="153.8">
110
</text>
<path d="M50.6,44 L45.6,44" fill="none" stroke="#666666" stroke-width="1"/>
<text fill="#666666" font-family="sans-serif" font-size="12" x="19.999998" y="48.8">
120
</text>
<path d="M50.6,359 L690.4,359" fill="none" stroke="#000000" stroke-width="1"/>
<path d="M50.6,44 L50.6,359" fill="none" stroke="#000000" stroke-width="1"/>
</svg>
