---
source: starsight-layer-5/tests/snapshot.rs
expression: svg
---
<svg height="400" viewBox="0 0 400 400" width="400" xmlns="http://www.w3.org/2000/svg">
<rect fill="#ffffff" height="323" shape-rendering="crispEdges" width="333.4" x="31.400002" y="48"/>
<text fill="#111111" font-family="sans-serif" font-size="16" x="73.29999" y="32">
Single group, two outliers
</text>
<path d="M31.400002,371 L31.400002,48" fill="none" shape-rendering="crispEdges" stroke="#dddddd" stroke-width="1"/>
<path d="M364.8,371 L364.8,48" fill="none" shape-rendering="crispEdges" stroke="#dddddd" stroke-width="1"/>
<path d="M31.400002,371 L364.8,371" fill="none" shape-rendering="crispEdges" stroke="#dddddd" stroke-width="1"/>
<path d="M31.400002,306.4 L364.8,306.4" fill="none" shape-rendering="crispEdges" stroke="#dddddd" stroke-width="1"/>
<path d="M31.400002,241.8 L364.8,241.8" fill="none" shape-rendering="crispEdges" stroke="#dddddd" stroke-width="1"/>
<path d="M31.400002,177.2 L364.8,177.2" fill="none" shape-rendering="crispEdges" stroke="#dddddd" stroke-width="1"/>
<path d="M31.400002,112.6 L364.8,112.6" fill="none" shape-rendering="crispEdges" stroke="#dddddd" stroke-width="1"/>
<path d="M31.400002,48 L364.8,48" fill="none" shape-rendering="crispEdges" stroke="#dddddd" stroke-width="1"/>
<rect fill="#0000ff" height="64.600006" shape-rendering="crispEdges" width="233.38" x="81.41001" y="209.5"/>
<path d="M81.41001,209.5 L314.79,209.5 L314.79,274.1 L81.41001,274.1 z" fill="none" shape-rendering="crispEdges" stroke="#000000" stroke-width="1"/>
<path d="M81.41001,241.8 L314.79,241.8" fill="none" shape-rendering="crispEdges" stroke="#ffffff" stroke-width="2"/>
<path d="M198.1,209.5 L198.1,190.12" fill="none" shape-rendering="crispEdges" stroke="#000000" stroke-width="1"/>
<path d="M139.755,190.12 L256.445,190.12" fill="none" shape-rendering="crispEdges" stroke="#000000" stroke-width="1"/>
<path d="M198.1,274.1 L198.1,371" fill="none" shape-rendering="crispEdges" stroke="#000000" stroke-width="1"/>
<path d="M139.755,371 L256.445,371" fill="none" shape-rendering="crispEdges" stroke="#000000" stroke-width="1"/>
<path d="M201.1,48 C201.1,49.656853,199.75687,51,198.1,51 C196.44315,51,195.1,49.656853,195.1,48 C195.1,46.343147,196.44315,45,198.1,45 C199.75687,45,201.1,46.343147,201.1,48" fill="#000000" stroke="#000000" stroke-width="0"/>
<text fill="#444444" font-family="sans-serif" font-size="12" x="172.90001" y="388">
samples
</text>
<path d="M31.400002,371 L36.4,371" fill="none" shape-rendering="crispEdges" stroke="#444444" stroke-width="1"/>
<text fill="#444444" font-family="sans-serif" font-size="12" x="7" y="375.8">
-5
</text>
<path d="M31.400002,306.4 L36.4,306.4" fill="none" shape-rendering="crispEdges" stroke="#444444" stroke-width="1"/>
<text fill="#444444" font-family="sans-serif" font-size="12" x="14" y="311.19998">
0
</text>
<path d="M31.400002,241.8 L36.4,241.8" fill="none" shape-rendering="crispEdges" stroke="#444444" stroke-width="1"/>
<text fill="#444444" font-family="sans-serif" font-size="12" x="14" y="246.6">
5
</text>
<path d="M31.400002,177.2 L36.4,177.2" fill="none" shape-rendering="crispEdges" stroke="#444444" stroke-width="1"/>
<text fill="#444444" font-family="sans-serif" font-size="12" x="7" y="182">
10
</text>
<path d="M31.400002,112.6 L36.4,112.6" fill="none" shape-rendering="crispEdges" stroke="#444444" stroke-width="1"/>
<text fill="#444444" font-family="sans-serif" font-size="12" x="7" y="117.4">
15
</text>
<path d="M31.400002,48 L36.4,48" fill="none" shape-rendering="crispEdges" stroke="#444444" stroke-width="1"/>
<text fill="#444444" font-family="sans-serif" font-size="12" x="7" y="52.8">
20
</text>
<path d="M31.400002,371 L364.8,371" fill="none" shape-rendering="crispEdges" stroke="#000000" stroke-width="1"/>
<path d="M31.400002,48 L31.400002,371" fill="none" shape-rendering="crispEdges" stroke="#000000" stroke-width="1"/>
</svg>
