---
source: starsight-layer-5/tests/snapshot.rs
expression: svg
---
<svg height="800" viewBox="0 0 1200 800" width="1200" xmlns="http://www.w3.org/2000/svg">
<rect fill="#ffffff" height="707" shape-rendering="crispEdges" width="1117.3999" x="61.800003" y="48"/>
<text fill="#111111" font-family="sans-serif" font-size="16" x="438.09998" y="32">
Distribution of Simulated Measurements
</text>
<text fill="#333333" font-family="sans-serif" font-size="12" x="602.5" y="790">
Value
</text>
<text fill="#333333" font-family="sans-serif" font-size="12" transform="rotate(-90 22, 433.9)" x="22" y="433.9">
Frequency
</text>
<path d="M112.590904,755 L112.590904,48" fill="none" shape-rendering="crispEdges" stroke="#dddddd" stroke-width="1"/>
<path d="M257.70776,755 L257.70776,48" fill="none" shape-rendering="crispEdges" stroke="#dddddd" stroke-width="1"/>
<path d="M402.82465,755 L402.82465,48" fill="none" shape-rendering="crispEdges" stroke="#dddddd" stroke-width="1"/>
<path d="M547.9415,755 L547.9415,48" fill="none" shape-rendering="crispEdges" stroke="#dddddd" stroke-width="1"/>
<path d="M693.0584,755 L693.0584,48" fill="none" shape-rendering="crispEdges" stroke="#dddddd" stroke-width="1"/>
<path d="M838.17523,755 L838.17523,48" fill="none" shape-rendering="crispEdges" stroke="#dddddd" stroke-width="1"/>
<path d="M983.2921,755 L983.2921,48" fill="none" shape-rendering="crispEdges" stroke="#dddddd" stroke-width="1"/>
<path d="M1128.409,755 L1128.409,48" fill="none" shape-rendering="crispEdges" stroke="#dddddd" stroke-width="1"/>
<path d="M61.800003,722.86365 L1179.2,722.86365" fill="none" shape-rendering="crispEdges" stroke="#dddddd" stroke-width="1"/>
<path d="M61.800003,562.1818 L1179.2,562.1818" fill="none" shape-rendering="crispEdges" stroke="#dddddd" stroke-width="1"/>
<path d="M61.800003,401.5 L1179.2,401.5" fill="none" shape-rendering="crispEdges" stroke="#dddddd" stroke-width="1"/>
<path d="M61.800003,240.81818 L1179.2,240.81818" fill="none" shape-rendering="crispEdges" stroke="#dddddd" stroke-width="1"/>
<path d="M61.800003,80.13636 L1179.2,80.13636" fill="none" shape-rendering="crispEdges" stroke="#dddddd" stroke-width="1"/>
<rect fill="#4c72b0" height="2.6185303" shape-rendering="crispEdges" width="79.81427" x="61.8" y="752.3815"/>
<rect fill="#4c72b0" height="25.530579" shape-rendering="crispEdges" width="79.81427" x="141.61429" y="729.4694"/>
<rect fill="#4c72b0" height="72.00928" shape-rendering="crispEdges" width="79.81427" x="221.42856" y="682.9907"/>
<rect fill="#4c72b0" height="182.64166" shape-rendering="crispEdges" width="79.81427" x="301.24283" y="572.35834"/>
<rect fill="#4c72b0" height="449.07593" shape-rendering="crispEdges" width="79.81427" x="381.0571" y="305.92407"/>
<rect fill="#4c72b0" height="616.0065" shape-rendering="crispEdges" width="79.8143" x="460.87137" y="138.99353"/>
<rect fill="#4c72b0" height="707" shape-rendering="crispEdges" width="79.81433" x="540.6856" y="48"/>
<rect fill="#4c72b0" height="599.64075" shape-rendering="crispEdges" width="79.81433" x="620.4999" y="155.35925"/>
<rect fill="#4c72b0" height="375.10278" shape-rendering="crispEdges" width="79.81433" x="700.3142" y="379.89722"/>
<rect fill="#4c72b0" height="171.51294" shape-rendering="crispEdges" width="79.81433" x="780.1285" y="583.48706"/>
<rect fill="#4c72b0" height="51.71576" shape-rendering="crispEdges" width="79.81433" x="859.94275" y="703.28424"/>
<rect fill="#4c72b0" height="16.365723" shape-rendering="crispEdges" width="79.81433" x="939.757" y="738.6343"/>
<rect fill="#4c72b0" height="3.2731323" shape-rendering="crispEdges" width="79.81427" x="1019.57135" y="751.72687"/>
<rect fill="#4c72b0" height="0.65460205" shape-rendering="crispEdges" width="79.81421" x="1099.3857" y="754.3454"/>
<path d="M112.590904,755 L112.590904,760" fill="none" shape-rendering="crispEdges" stroke="#444444" stroke-width="1"/>
<text fill="#444444" font-family="sans-serif" font-size="12" x="101.7909" y="772">
-20
</text>
<path d="M257.70776,755 L257.70776,760" fill="none" shape-rendering="crispEdges" stroke="#444444" stroke-width="1"/>
<text fill="#444444" font-family="sans-serif" font-size="12" x="254.10776" y="772">
0
</text>
<path d="M402.82465,755 L402.82465,760" fill="none" shape-rendering="crispEdges" stroke="#444444" stroke-width="1"/>
<text fill="#444444" font-family="sans-serif" font-size="12" x="395.62463" y="772">
20
</text>
<path d="M547.9415,755 L547.9415,760" fill="none" shape-rendering="crispEdges" stroke="#444444" stroke-width="1"/>
<text fill="#444444" font-family="sans-serif" font-size="12" x="540.7415" y="772">
40
</text>
<path d="M693.0584,755 L693.0584,760" fill="none" shape-rendering="crispEdges" stroke="#444444" stroke-width="1"/>
<text fill="#444444" font-family="sans-serif" font-size="12" x="685.8584" y="772">
60
</text>
<path d="M838.17523,755 L838.17523,760" fill="none" shape-rendering="crispEdges" stroke="#444444" stroke-width="1"/>
<text fill="#444444" font-family="sans-serif" font-size="12" x="830.9752" y="772">
80
</text>
<path d="M983.2921,755 L983.2921,760" fill="none" shape-rendering="crispEdges" stroke="#444444" stroke-width="1"/>
<text fill="#444444" font-family="sans-serif" font-size="12" x="972.4921" y="772">
100
</text>
<path d="M1128.409,755 L1128.409,760" fill="none" shape-rendering="crispEdges" stroke="#444444" stroke-width="1"/>
<text fill="#444444" font-family="sans-serif" font-size="12" x="1117.609" y="772">
120
</text>
<path d="M61.800003,722.86365 L56.800003,722.86365" fill="none" shape-rendering="crispEdges" stroke="#444444" stroke-width="1"/>
<text fill="#444444" font-family="sans-serif" font-size="12" x="45" y="727.66364">
0
</text>
<path d="M61.800003,562.1818 L56.800003,562.1818" fill="none" shape-rendering="crispEdges" stroke="#444444" stroke-width="1"/>
<text fill="#444444" font-family="sans-serif" font-size="12" x="31" y="566.9818">
300
</text>
<path d="M61.800003,401.5 L56.800003,401.5" fill="none" shape-rendering="crispEdges" stroke="#444444" stroke-width="1"/>
<text fill="#444444" font-family="sans-serif" font-size="12" x="31" y="406.3">
600
</text>
<path d="M61.800003,240.81818 L56.800003,240.81818" fill="none" shape-rendering="crispEdges" stroke="#444444" stroke-width="1"/>
<text fill="#444444" font-family="sans-serif" font-size="12" x="31" y="245.61818">
900
</text>
<path d="M61.800003,80.13636 L56.800003,80.13636" fill="none" shape-rendering="crispEdges" stroke="#444444" stroke-width="1"/>
<text fill="#444444" font-family="sans-serif" font-size="12" x="24" y="84.93636">
1200
</text>
<path d="M61.800003,755 L1179.2,755" fill="none" shape-rendering="crispEdges" stroke="#000000" stroke-width="1"/>
<path d="M61.800003,48 L61.800003,755" fill="none" shape-rendering="crispEdges" stroke="#000000" stroke-width="1"/>
</svg>
